Regex(
  union=UnionExpr(
    uniates=[
      Concatenation(
        concatenants=[
          Term(
            value=CharSet(
              complementing=True,
              ranges=[
                Range(
                  start=Char(
                    character='a',
                    explicitly_encoded=False),
                  end=Char(
                    character='z',
                    explicitly_encoded=False)),
                Range(
                  start=Char(
                    character='A',
                    explicitly_encoded=False),
                  end=Char(
                    character='Z',
                    explicitly_encoded=False)),
                Range(
                  start=Char(
                    character='0',
                    explicitly_encoded=False),
                  end=Char(
                    character='9',
                    explicitly_encoded=False)),
                Range(
                  start=Char(
                    character='_',
                    explicitly_encoded=False),
                  end=None),
                Range(
                  start=Char(
                    character='-',
                    explicitly_encoded=False),
                  end=None)]),
            quantifier=None)])]))