UnverifiedSymbolTable(
  our_types=[
    ConcreteClass(
      name='Something',
      is_implementation_specific=False,
      inheritances=[],
      properties=[
        Property(
          name='some_property',
          type_annotation=AtomicTypeAnnotation(
            identifier='int',
            node=...),
          description=None,
          node=...)],
      methods=[],
      invariants=[],
      serialization=None,
      description=None,
      node=...,
      properties_by_name=...,
      methods_by_name=...)],
  constants=[],
  verification_functions=[],
  meta_model=MetaModel(
    description=None,
    version='dummy',
    xml_namespace='https://dummy.com'))