UnverifiedSymbolTable(
  our_types=[
    Enumeration(
      name='SomeEnum',
      is_superset_of=[],
      literals=[],
      reference_in_the_book=ReferenceInTheBook(
        section=[
          1,
          2,
          3],
        index=0,
        fragment=None),
      description=None,
      node=...,
      literals_by_name=...),
    ConcreteClass(
      name='SomeConstrainedPrimitive',
      is_implementation_specific=False,
      inheritances=[
        'str'],
      properties=[],
      methods=[],
      invariants=[],
      serialization=None,
      reference_in_the_book=ReferenceInTheBook(
        section=[
          1,
          2,
          3,
          4],
        index=0,
        fragment=None),
      description=None,
      node=...,
      properties_by_name=...,
      methods_by_name=...),
    ConcreteClass(
      name='SomeClass',
      is_implementation_specific=False,
      inheritances=[],
      properties=[],
      methods=[],
      invariants=[],
      serialization=None,
      reference_in_the_book=ReferenceInTheBook(
        section=[
          1,
          2,
          3,
          4,
          5],
        index=0,
        fragment=None),
      description=None,
      node=...,
      properties_by_name=...,
      methods_by_name=...)],
  verification_functions=[],
  meta_model=MetaModel(
    description=None,
    book_url='__book_url__',
    book_version='__book_version__'))