<?xml version="1.0" ?>
<environment xmlns="http://www.admin-shell.io/aas/3/0">
    <assetAdministrationShells></assetAdministrationShells>
    <submodels></submodels>
    <conceptDescriptions></conceptDescriptions>
</environment>
