UnverifiedSymbolTable(
  symbols=[
    ConcreteEntity(
      name='Something',
      is_implementation_specific=False,
      inheritances=[],
      properties=[],
      property_map=...,
      methods=[
        Method(
          name='do_something',
          is_implementation_specific=False,
          arguments=[
            Argument(
              name='self',
              type_annotation=SelfTypeAnnotation(),
              default=None,
              node=...),
            Argument(
              name='x',
              type_annotation=AtomicTypeAnnotation(
                identifier='int'),
              default=None,
              node=...)],
          argument_map=...,
          returns=AtomicTypeAnnotation(
            identifier='int'),
          description=None,
          contracts=Contracts(
            preconditions=[
              Contract(
                args=[
                  'self',
                  'x'],
                description=None,
                body=...,
                condition_node=...)],
            snapshots=[],
            postconditions=[]),
          body=...,
          node=...)],
      method_map=...,
      description=None,
      node=...)])