UnverifiedSymbolTable(
  our_types=[],
  constants=[
    ConstantPrimitive(
      name='Something',
      value='some value',
      reference_in_the_book=ReferenceInTheBook(
        section=[
          5,
          7,
          10,
          3],
        index=2,
        fragment=None),
      description=None,
      node=...)],
  verification_functions=[],
  meta_model=MetaModel(
    description=None,
    book_url='dummy',
    book_version='dummy'))