UnverifiedSymbolTable(
  our_types=[
    ConcreteClass(
      name='Something',
      is_implementation_specific=False,
      inheritances=[],
      properties=[],
      methods=[
        ConstructorToBeUnderstood(
          name='__init__',
          verification=False,
          arguments=[
            Argument(
              name='self',
              type_annotation=SelfTypeAnnotation(),
              default=None,
              node=...)],
          returns=None,
          description=None,
          contracts=Contracts(
            preconditions=[],
            snapshots=[],
            postconditions=[]),
          non_mutating=False,
          node=...,
          arguments_by_name=...,
          body=...),
        UnderstoodMethod(
          name='get_something',
          verification=False,
          arguments=[
            Argument(
              name='self',
              type_annotation=SelfTypeAnnotation(),
              default=None,
              node=...)],
          returns=AtomicTypeAnnotation(
            identifier='int',
            node=...),
          description=None,
          contracts=Contracts(
            preconditions=[],
            snapshots=[],
            postconditions=[]),
          non_mutating=True,
          body=[
            textwrap.dedent("""\
              Return(
                value=Constant(
                  value=4,
                  original_node=...),
                original_node=...)""")],
          node=...,
          arguments_by_name=...)],
      invariants=[],
      serialization=None,
      description=None,
      node=...,
      properties_by_name=...,
      methods_by_name=...)],
  constants=[],
  verification_functions=[],
  meta_model=MetaModel(
    description=None,
    version='dummy',
    xml_namespace='https://dummy.com'))