UnverifiedSymbolTable(
  our_types=[
    ConcreteClass(
      name='Something',
      is_implementation_specific=False,
      inheritances=[],
      properties=[],
      methods=[
        UnderstoodMethod(
          name='do_something',
          verification=False,
          arguments=[
            Argument(
              name='self',
              type_annotation=SelfTypeAnnotation(),
              default=None,
              node=...),
            Argument(
              name='lst',
              type_annotation=SubscriptedTypeAnnotation(
                identifier='List',
                subscripts=[
                  AtomicTypeAnnotation(
                    identifier='int',
                    node=...)],
                node=...),
              default=None,
              node=...)],
          returns=None,
          description=None,
          contracts=Contracts(
            preconditions=[],
            snapshots=[
              Snapshot(
                args=[
                  'lst'],
                name='lst',
                body=textwrap.dedent("""\
                  MethodCall(
                    member=Member(
                      instance=Name(
                        identifier='lst',
                        original_node=...),
                      name='copy',
                      original_node=...),
                    args=[],
                    original_node=...)"""),
                node=...)],
            postconditions=[
              Contract(
                args=[
                  'lst',
                  'OLD'],
                description=None,
                body=...,
                node=...)]),
          body=[],
          node=...,
          arguments_by_name=...)],
      invariants=[],
      serialization=None,
      reference_in_the_book=None,
      description=None,
      node=...,
      properties_by_name=...,
      methods_by_name=...)],
  verification_functions=[],
  meta_model=MetaModel(
    description=None,
    book_url='__book_url__',
    book_version='__book_version__'))