<UANodeSet
  xmlns="http://opcfoundation.org/UA/2011/03/UANodeSet.xsd"
  xmlns:xsi="http://www.w3.org/2001/XMLSchema-instance"
  xmlns:uax="http://opcfoundation.org/UA/2008/02/Types.xsd"
  xmlns:xsd="http://www.w3.org/2001/XMLSchema"
>
  <NamespaceUris>
    <Uri>https://dummy.com</Uri>
  </NamespaceUris>
  <Models>
    <Model
      ModelUri="https://dummy.com"
      Version="5.0.0"
      PublicationDate="2024-11-11T00:00:00Z"
    >
      <RequiredModel
        ModelUri="http://opcfoundation.org/UA/"
        PublicationDate="2021-09-15T00:00:00Z"
        Version="1.04.10"
      />
    </Model>
  </Models>
  <Aliases>
    <Alias
      Alias="Boolean"
    >i=1</Alias>
    <Alias
      Alias="Int64"
    >i=8</Alias>
    <Alias
      Alias="Double"
    >i=11</Alias>
    <Alias
      Alias="String"
    >i=12</Alias>
    <Alias
      Alias="ByteString"
    >i=15</Alias>
    <Alias
      Alias="HasModellingRule"
    >i=37</Alias>
    <Alias
      Alias="HasTypeDefinition"
    >i=40</Alias>
    <Alias
      Alias="HasSubtype"
    >i=45</Alias>
    <Alias
      Alias="HasProperty"
    >i=46</Alias>
    <Alias
      Alias="HasComponent"
    >i=47</Alias>
    <Alias
      Alias="HasInterface"
    >i=17603</Alias>
  </Aliases>
  <UAObjectType
    NodeId="ns=1;i=1767447720"
    BrowseName="1:Constraint"
  >
    <DisplayName>Constraint</DisplayName>
    <References>
      <Reference
        ReferenceType="HasSubtype"
        IsForward="false"
      >i=58</Reference>
      <Reference
        ReferenceType="HasProperty"
      >ns=1;i=833095329</Reference>
      <Reference
        ReferenceType="HasProperty"
      >ns=1;i=1892455557</Reference>
    </References>
  </UAObjectType>
  <UAVariable
    NodeId="ns=1;i=833095329"
    BrowseName="1:identifier"
    ParentNodeId="ns=1;i=1767447720"
    DataType="String"
  >
    <DisplayName>identifier</DisplayName>
    <References>
      <Reference
        ReferenceType="HasTypeDefinition"
      >i=68</Reference>
      <Reference
        ReferenceType="HasModellingRule"
      >i=80</Reference>
    </References>
  </UAVariable>
  <UAVariable
    NodeId="ns=1;i=1892455557"
    BrowseName="1:text"
    ParentNodeId="ns=1;i=1767447720"
    DataType="String"
  >
    <DisplayName>text</DisplayName>
    <References>
      <Reference
        ReferenceType="HasTypeDefinition"
      >i=68</Reference>
      <Reference
        ReferenceType="HasModellingRule"
      >i=78</Reference>
    </References>
  </UAVariable>
  <UAReferenceType
    NodeId="ns=1;i=2053660172"
    BrowseName="1:HasConstraint"
  >
    <DisplayName>HasConstraint</DisplayName>
    <References>
      <Reference
        ReferenceType="HasSubtype"
        IsForward="false"
      >i=32</Reference>
    </References>
    <InverseName>Constrains</InverseName>
  </UAReferenceType>
  <!-- Enumerations start here. -->
  <!-- AASModellingKindDataType starts. -->
  <UADataType
    NodeId="ns=1;i=1285712171"
    BrowseName="1:AASModellingKindDataType"
  >
    <DisplayName>AASModellingKindDataType</DisplayName>
    <References>
      <Reference
        ReferenceType="HasSubtype"
        IsForward="false"
      >i=29</Reference>
    </References>
    <Definition
      Name="1:AASModellingKindDataType"
    >
      <Field
        Name="Template"
        Value="0"
      />
      <Field
        Name="Instance"
        Value="1"
      />
    </Definition>
  </UADataType>
  <UAVariable
    DataType="LocalizedText"
    ValueRank="1"
    NodeId="ns=1;i=1515116360"
    ArrayDimensions="2"
    BrowseName="EnumStrings"
    ParentNodeId="ns=1;i=1285712171"
  >
    <DisplayName>EnumStrings</DisplayName>
    <References>
      <Reference
        ReferenceType="HasProperty"
        IsForward="false"
      >ns=1;i=1285712171</Reference>
      <Reference
        ReferenceType="HasTypeDefinition"
      >i=68</Reference>
      <Reference
        ReferenceType="HasModellingRule"
      >i=78</Reference>
    </References>
    <Value>
      <uax:ListOfLocalizedText>
        <uax:LocalizedText>
          <uax:Text>Template</uax:Text>
        </uax:LocalizedText>
        <uax:LocalizedText>
          <uax:Text>Instance</uax:Text>
        </uax:LocalizedText>
      </uax:ListOfLocalizedText>
    </Value>
  </UAVariable>
  <!-- AASModellingKindDataType ends. -->
  <!-- Enumerations end here. -->
  <!-- AASSomethingType starts. -->
  <UAObjectType
    NodeId="ns=1;i=63608667"
    BrowseName="1:AASSomethingType"
  >
    <DisplayName>AASSomethingType</DisplayName>
    <References>
      <Reference
        ReferenceType="HasSubtype"
        IsForward="false"
      >i=58</Reference>
      <Reference
        ReferenceType="HasComponent"
      >ns=1;i=1993798949</Reference>
      <Reference
        ReferenceType="HasComponent"
      >ns=1;i=629865262</Reference>
    </References>
  </UAObjectType>
  <UAVariable
    NodeId="ns=1;i=1993798949"
    BrowseName="1:modellingKind"
    ParentNodeId="ns=1;i=63608667"
    DataType="ns=1;i=1285712171"
  >
    <DisplayName>modellingKind</DisplayName>
    <References>
      <Reference
        ReferenceType="HasModellingRule"
      >i=78</Reference>
      <Reference
        ReferenceType="HasTypeDefinition"
      >i=62</Reference>
    </References>
  </UAVariable>
  <UAVariable
    NodeId="ns=1;i=629865262"
    BrowseName="1:optionalModellingKind"
    ParentNodeId="ns=1;i=63608667"
    DataType="ns=1;i=1285712171"
  >
    <DisplayName>optionalModellingKind</DisplayName>
    <References>
      <Reference
        ReferenceType="HasModellingRule"
      >i=80</Reference>
      <Reference
        ReferenceType="HasTypeDefinition"
      >i=62</Reference>
    </References>
  </UAVariable>
  <!-- AASSomethingType ends. -->
</UANodeSet>
