SymbolTable(
  our_types=[],
  our_types_topologically_sorted=[],
  enumerations=[],
  constrained_primitives=[],
  concrete_classes=[],
  constants=[
    ConstantSetOfPrimitives(
      name='Something',
      a_type='STR',
      literals=[
        PrimitiveSetLiteral(
          value='some literal',
          a_type='STR',
          parsed=...),
        PrimitiveSetLiteral(
          value='another literal',
          a_type='STR',
          parsed=...)],
      literal_value_set=...,
      subsets=[],
      description=None,
      parsed=...)],
  constants_by_name=...,
  verification_functions=[],
  verification_functions_by_name=...,
  meta_model=MetaModel(
    description=None,
    version='dummy',
    xml_namespace='https://dummy.com'))