SymbolTable(
  symbols=[
    Class(
      name='Concrete',
      interfaces=[],
      is_implementation_specific=False,
      properties=[
        Property(
          name='x',
          type_annotation=SubscriptedTypeAnnotation(
            identifier='List',
            subscripts=[
              AtomicTypeAnnotation(
                identifier='int',
                parsed=...)],
            parsed=...),
          description=None,
          is_readonly=False,
          parsed=...)],
      methods=[],
      constructor=Constructor(
        arguments=[
          Argument(
            name='self',
            type_annotation=SelfTypeAnnotation(),
            default=None,
            parsed=...),
          Argument(
            name='x',
            type_annotation=SubscriptedTypeAnnotation(
              identifier='List',
              subscripts=[
                AtomicTypeAnnotation(
                  identifier='int',
                  parsed=...)],
              parsed=...),
            default=None,
            parsed=...)],
        contracts=Contracts(
          preconditions=[],
          snapshots=[],
          postconditions=[]),
        is_implementation_specific=False,
        statements=...),
      description=None,
      parsed=...)])