   # ^(a|b|c)$
   {
     # a|b|c
     {
       split 1, 3
1:     char 'a'
       jump 7
3:     split 4, 6
4:     char 'b'
       jump 7
6:     char 'c'
     }
     # $
7:   end
     match
   }