   # ^a*$
   {
     # a*
     {
0:     split 1, 3
1:     char 'a'
       jump 0
     }
     # $
3:   end
     match
   }