# ^\U0001f600$
{
  char 'ğŸ˜€'
  # $
  end
  match
}