UnverifiedSymbolTable(
  our_types=[
    ConcreteClass(
      name='Something',
      is_implementation_specific=False,
      inheritances=[],
      properties=[],
      methods=[
        ImplementationSpecificMethod(
          name='__init__',
          verification=False,
          arguments=[
            Argument(
              name='self',
              type_annotation=SelfTypeAnnotation(),
              default=None,
              node=...)],
          returns=None,
          description=None,
          contracts=Contracts(
            preconditions=[],
            snapshots=[],
            postconditions=[]),
          node=...,
          arguments_by_name=...)],
      invariants=[],
      serialization=None,
      reference_in_the_book=ReferenceInTheBook(
        section=[
          1,
          2,
          3],
        index=2,
        fragment=None),
      description=None,
      node=...,
      properties_by_name=...,
      methods_by_name=...)],
  constants=[],
  verification_functions=[],
  meta_model=MetaModel(
    description=None,
    book_url='dummy',
    book_version='dummy'))