SymbolTable(
  our_types=[
    ConcreteClass(
      name='Abstract',
      inheritances=[],
      inheritance_id_set=...,
      ancestors=[],
      ancestor_id_set=...,
      is_implementation_specific=False,
      interface=Interface(
        base='Reference to ConcreteClass Abstract',
        name='Abstract',
        inheritances=[],
        implementers=[
          'Reference to ConcreteClass Concrete',
          'Reference to ConcreteClass Abstract'],
        properties=[
          Property(
            name='some_property',
            type_annotation=OptionalTypeAnnotation(
              value=PrimitiveTypeAnnotation(
                a_type='STR',
                parsed=...),
              parsed=...),
            description=None,
            specified_for='Reference to ConcreteClass Abstract',
            strengthening_of=None,
            parsed=...)],
        signatures=[],
        description=None,
        parsed=...,
        properties_by_name=...,
        property_id_set=...),
      descendant_id_set=...,
      descendants=[
        'Reference to ConcreteClass Concrete'],
      concrete_descendant_id_set=...,
      concrete_descendants=[
        'Reference to ConcreteClass Concrete'],
      properties=[
        Property(
          name='some_property',
          type_annotation=OptionalTypeAnnotation(
            value=PrimitiveTypeAnnotation(
              a_type='STR',
              parsed=...),
            parsed=...),
          description=None,
          specified_for='Reference to ConcreteClass Abstract',
          strengthening_of=None,
          parsed=...)],
      methods=[],
      constructor=Constructor(
        name='__init__',
        arguments=[
          Argument(
            name='some_property',
            type_annotation=OptionalTypeAnnotation(
              value=PrimitiveTypeAnnotation(
                a_type='STR',
                parsed=...),
              parsed=...),
            default=None,
            parsed=...)],
        returns=None,
        description=None,
        contracts=Contracts(
          preconditions=[],
          snapshots=[],
          postconditions=[]),
        parsed=...,
        arguments_by_name=...,
        is_implementation_specific=False,
        statements=[
          textwrap.dedent("""\
            AssignArgument(
              name='some_property',
              argument='some_property',
              default=None)""")],
        inlined_statements=[
          textwrap.dedent("""\
            AssignArgument(
              name='some_property',
              argument='some_property',
              default=None)""")]),
      invariants=[],
      serialization=Serialization(
        with_model_type=False),
      reference_in_the_book=None,
      description=None,
      parsed=...,
      properties_by_name=...,
      property_id_set=...,
      methods_by_name=...,
      invariant_id_set=...),
    ConcreteClass(
      name='Concrete',
      inheritances=[
        'Reference to ConcreteClass Abstract'],
      inheritance_id_set=...,
      ancestors=[
        'Reference to ConcreteClass Abstract'],
      ancestor_id_set=...,
      is_implementation_specific=False,
      interface=None,
      descendant_id_set=...,
      descendants=[],
      concrete_descendant_id_set=...,
      concrete_descendants=[],
      properties=[
        Property(
          name='some_property',
          type_annotation=PrimitiveTypeAnnotation(
            a_type='STR',
            parsed=...),
          description=None,
          specified_for='Reference to ConcreteClass Concrete',
          strengthening_of='Reference to Property some_property from the class Abstract',
          parsed=...)],
      methods=[],
      constructor=Constructor(
        name='__init__',
        arguments=[
          Argument(
            name='some_property',
            type_annotation=PrimitiveTypeAnnotation(
              a_type='STR',
              parsed=...),
            default=None,
            parsed=...)],
        returns=None,
        description=None,
        contracts=Contracts(
          preconditions=[],
          snapshots=[],
          postconditions=[]),
        parsed=...,
        arguments_by_name=...,
        is_implementation_specific=False,
        statements=[
          textwrap.dedent("""\
            CallSuperConstructor(
              super_name='Abstract')""")],
        inlined_statements=[
          textwrap.dedent("""\
            AssignArgument(
              name='some_property',
              argument='some_property',
              default=None)""")]),
      invariants=[],
      serialization=Serialization(
        with_model_type=False),
      reference_in_the_book=None,
      description=None,
      parsed=...,
      properties_by_name=...,
      property_id_set=...,
      methods_by_name=...,
      invariant_id_set=...)],
  our_types_topologically_sorted=[
    'Reference to our type Abstract',
    'Reference to our type Concrete'],
  constants=[],
  constants_by_name=...,
  verification_functions=[],
  verification_functions_by_name=...,
  meta_model=MetaModel(
    description=None,
    book_url='dummy',
    book_version='dummy',
    xml_namespace='https://dummy.com'))