{
  "$schema": "https://json-schema.org/draft/2019-09/schema",
  "title": "AssetAdministrationShellEnvironment",
  "$id": "http://www.admin-shell.io/schema/json/V3.0RC01",
  "type": "object",
  "allOf": [
    {
      "$ref": "#/definitions/Environment"
    }
  ],
  "definitions": {
    "HasSemantics": {
      "allOf": [
        {
          "type": "object",
          "properties": {
            "semanticID": {
              "$ref": "#/definitions/Reference"
            }
          }
        }
      ]
    },
    "Extension": {
      "allOf": [
        {
          "$ref": "#/definitions/HasSemantics"
        },
        {
          "type": "object",
          "properties": {
            "name": {
              "type": "string"
            },
            "valueType": {
              "$ref": "#/definitions/DataTypeDef"
            },
            "value": {
              "type": "string"
            },
            "refersTo": {
              "$ref": "#/definitions/Reference"
            }
          },
          "required": [
            "name"
          ]
        }
      ]
    },
    "HasExtensions": {
      "allOf": [
        {
          "type": "object",
          "properties": {
            "extension": {
              "$ref": "#/definitions/Extension"
            }
          }
        }
      ]
    },
    "Referable": {
      "allOf": [
        {
          "$ref": "#/definitions/HasExtensions"
        },
        {
          "type": "object",
          "properties": {
            "idShort": {
              "type": "string",
              "pattern": "^[a-zA-Z_][a-zA-Z_0-9]*$"
            },
            "displayName": {
              "$ref": "#/definitions/LangStringSet"
            },
            "category": {
              "type": "string"
            },
            "description": {
              "$ref": "#/definitions/LangStringSet"
            }
          },
          "required": [
            "idShort"
          ]
        }
      ]
    },
    "Referable_abstract": {
      "anyOf": [
        {
          "$ref": "#/definitions/AssetAdministrationShell"
        },
        {
          "$ref": "#/definitions/Asset"
        },
        {
          "$ref": "#/definitions/Submodel"
        },
        {
          "$ref": "#/definitions/SubmodelElementCollection"
        },
        {
          "$ref": "#/definitions/Property"
        },
        {
          "$ref": "#/definitions/MultiLanguageProperty"
        },
        {
          "$ref": "#/definitions/Range"
        },
        {
          "$ref": "#/definitions/ReferenceElement"
        },
        {
          "$ref": "#/definitions/Blob"
        },
        {
          "$ref": "#/definitions/File"
        },
        {
          "$ref": "#/definitions/AnnotatedRelationshipElement"
        },
        {
          "$ref": "#/definitions/Entity"
        },
        {
          "$ref": "#/definitions/BasicEvent"
        },
        {
          "$ref": "#/definitions/Operation"
        },
        {
          "$ref": "#/definitions/Capability"
        },
        {
          "$ref": "#/definitions/ConceptDescription"
        },
        {
          "$ref": "#/definitions/View"
        },
        {
          "$ref": "#/definitions/AccessPermissionRule"
        }
      ]
    },
    "Identifiable": {
      "allOf": [
        {
          "$ref": "#/definitions/Referable"
        },
        {
          "type": "object",
          "properties": {
            "administration": {
              "$ref": "#/definitions/AdministrativeInformation"
            },
            "identification": {
              "$ref": "#/definitions/Identifier"
            }
          },
          "required": [
            "identification"
          ]
        }
      ]
    },
    "Identifier": {
      "allOf": [
        {
          "type": "object",
          "properties": {
            "idType": {
              "$ref": "#/definitions/IdentifierType"
            },
            "id": {
              "type": "string"
            }
          },
          "required": [
            "idType",
            "id"
          ]
        }
      ]
    },
    "IdentifierType": {
      "type": "string",
      "enum": [
        "IRDI",
        "IRI",
        "Custom"
      ]
    },
    "ModelingKind": {
      "type": "string",
      "enum": [
        "Template",
        "Instance"
      ]
    },
    "HasKind": {
      "allOf": [
        {
          "type": "object",
          "properties": {
            "kind": {
              "$ref": "#/definitions/ModelingKind"
            }
          }
        }
      ]
    },
    "HasDataSpecification": {
      "allOf": [
        {
          "type": "object",
          "properties": {
            "dataSpecifications": {
              "type": "array",
              "items": {
                "$ref": "#/definitions/Reference"
              }
            }
          }
        }
      ]
    },
    "AdministrativeInformation": {
      "allOf": [
        {
          "$ref": "#/definitions/HasDataSpecification"
        },
        {
          "type": "object",
          "properties": {
            "version": {
              "type": "string"
            },
            "revision": {
              "type": "string"
            }
          }
        }
      ]
    },
    "Qualifiable": {
      "allOf": [
        {
          "type": "object",
          "properties": {
            "qualifiers": {
              "type": "array",
              "items": {
                "$ref": "#/definitions/Constraint_abstract"
              }
            }
          }
        }
      ]
    },
    "Constraint": {
      "type": "object"
    },
    "Constraint_abstract": {
      "anyOf": [
        {
          "$ref": "#/definitions/Qualifier"
        },
        {
          "$ref": "#/definitions/Formula"
        }
      ]
    },
    "Qualifier": {
      "allOf": [
        {
          "$ref": "#/definitions/Constraint"
        },
        {
          "$ref": "#/definitions/HasSemantics"
        },
        {
          "type": "object",
          "properties": {
            "type": {
              "type": "string"
            },
            "valueType": {
              "$ref": "#/definitions/DataTypeDef"
            },
            "value": {
              "type": "string"
            },
            "valueID": {
              "$ref": "#/definitions/Reference"
            },
            "modelType": {
              "type": "string",
              "const": "Qualifier"
            }
          },
          "required": [
            "type",
            "valueType"
          ]
        }
      ]
    },
    "Formula": {
      "allOf": [
        {
          "$ref": "#/definitions/Constraint"
        },
        {
          "type": "object",
          "properties": {
            "dependsOn": {
              "type": "array",
              "items": {
                "$ref": "#/definitions/Reference"
              }
            },
            "modelType": {
              "type": "string",
              "const": "Formula"
            }
          }
        }
      ]
    },
    "AssetAdministrationShell": {
      "allOf": [
        {
          "$ref": "#/definitions/Identifiable"
        },
        {
          "$ref": "#/definitions/HasDataSpecification"
        },
        {
          "type": "object",
          "properties": {
            "derivedFrom": {
              "$ref": "#/definitions/Reference"
            },
            "security": {
              "$ref": "#/definitions/Security"
            },
            "assetInformation": {
              "$ref": "#/definitions/AssetInformation"
            },
            "submodels": {
              "type": "array",
              "items": {
                "$ref": "#/definitions/Reference"
              }
            },
            "views": {
              "type": "array",
              "items": {
                "$ref": "#/definitions/View"
              }
            },
            "modelType": {
              "type": "string",
              "const": "AssetAdministrationShell"
            }
          },
          "required": [
            "assetInformation"
          ]
        }
      ]
    },
    "Asset": {
      "allOf": [
        {
          "$ref": "#/definitions/Identifiable"
        },
        {
          "$ref": "#/definitions/HasDataSpecification"
        },
        {
          "type": "object",
          "properties": {
            "modelType": {
              "type": "string",
              "const": "Asset"
            }
          }
        }
      ]
    },
    "AssetInformation": {
      "allOf": [
        {
          "type": "object",
          "properties": {
            "assetKind": {
              "$ref": "#/definitions/AssetKind"
            },
            "globalAssetID": {
              "$ref": "#/definitions/Reference"
            },
            "specificAssetIds": {
              "$ref": "#/definitions/IdentifierKeyValuePair"
            },
            "billOfMaterial": {
              "type": "array",
              "items": {
                "$ref": "#/definitions/Reference"
              }
            },
            "defaultThumbnail": {
              "$ref": "#/definitions/File"
            }
          },
          "required": [
            "assetKind"
          ]
        }
      ]
    },
    "AssetKind": {
      "type": "string",
      "enum": [
        "Type",
        "Instance"
      ]
    },
    "IdentifierKeyValuePair": {
      "allOf": [
        {
          "$ref": "#/definitions/HasSemantics"
        },
        {
          "type": "object",
          "properties": {
            "key": {
              "type": "string"
            },
            "value": {
              "type": "string"
            },
            "externalSubjectID": {
              "$ref": "#/definitions/Reference"
            }
          },
          "required": [
            "key"
          ]
        }
      ]
    },
    "Submodel": {
      "allOf": [
        {
          "$ref": "#/definitions/Identifiable"
        },
        {
          "$ref": "#/definitions/HasKind"
        },
        {
          "$ref": "#/definitions/HasSemantics"
        },
        {
          "$ref": "#/definitions/Qualifiable"
        },
        {
          "$ref": "#/definitions/HasDataSpecification"
        },
        {
          "type": "object",
          "properties": {
            "submodelElements": {
              "type": "array",
              "items": {
                "$ref": "#/definitions/SubmodelElement_abstract"
              }
            },
            "modelType": {
              "type": "string",
              "const": "Submodel"
            }
          }
        }
      ]
    },
    "SubmodelElement": {
      "allOf": [
        {
          "$ref": "#/definitions/Referable"
        },
        {
          "$ref": "#/definitions/HasKind"
        },
        {
          "$ref": "#/definitions/HasSemantics"
        },
        {
          "$ref": "#/definitions/Qualifiable"
        },
        {
          "$ref": "#/definitions/HasDataSpecification"
        }
      ]
    },
    "SubmodelElement_abstract": {
      "anyOf": [
        {
          "$ref": "#/definitions/SubmodelElementCollection"
        },
        {
          "$ref": "#/definitions/Property"
        },
        {
          "$ref": "#/definitions/MultiLanguageProperty"
        },
        {
          "$ref": "#/definitions/Range"
        },
        {
          "$ref": "#/definitions/ReferenceElement"
        },
        {
          "$ref": "#/definitions/Blob"
        },
        {
          "$ref": "#/definitions/File"
        },
        {
          "$ref": "#/definitions/AnnotatedRelationshipElement"
        },
        {
          "$ref": "#/definitions/Entity"
        },
        {
          "$ref": "#/definitions/BasicEvent"
        },
        {
          "$ref": "#/definitions/Operation"
        },
        {
          "$ref": "#/definitions/Capability"
        }
      ]
    },
    "RelationshipElement": {
      "allOf": [
        {
          "$ref": "#/definitions/SubmodelElement"
        },
        {
          "type": "object",
          "properties": {
            "first": {
              "$ref": "#/definitions/Reference"
            },
            "second": {
              "$ref": "#/definitions/Reference"
            }
          },
          "required": [
            "first",
            "second"
          ]
        }
      ]
    },
    "SubmodelElementCollection": {
      "allOf": [
        {
          "$ref": "#/definitions/SubmodelElement"
        },
        {
          "type": "object",
          "properties": {
            "values": {
              "type": "array",
              "items": {
                "$ref": "#/definitions/SubmodelElement_abstract"
              }
            },
            "ordered": {
              "type": "boolean"
            },
            "allowDuplicates": {
              "type": "boolean"
            },
            "modelType": {
              "type": "string",
              "const": "SubmodelElementCollection"
            }
          }
        }
      ]
    },
    "DataElement": {
      "allOf": [
        {
          "$ref": "#/definitions/SubmodelElement"
        }
      ]
    },
    "DataElement_abstract": {
      "anyOf": [
        {
          "$ref": "#/definitions/Property"
        },
        {
          "$ref": "#/definitions/MultiLanguageProperty"
        },
        {
          "$ref": "#/definitions/Range"
        },
        {
          "$ref": "#/definitions/ReferenceElement"
        },
        {
          "$ref": "#/definitions/Blob"
        },
        {
          "$ref": "#/definitions/File"
        }
      ]
    },
    "Property": {
      "allOf": [
        {
          "$ref": "#/definitions/DataElement"
        },
        {
          "type": "object",
          "properties": {
            "valueType": {
              "$ref": "#/definitions/DataTypeDef"
            },
            "value": {
              "type": "string"
            },
            "valueID": {
              "$ref": "#/definitions/Reference"
            },
            "modelType": {
              "type": "string",
              "const": "Property"
            }
          },
          "required": [
            "valueType"
          ]
        }
      ]
    },
    "MultiLanguageProperty": {
      "allOf": [
        {
          "$ref": "#/definitions/DataElement"
        },
        {
          "type": "object",
          "properties": {
            "value": {
              "$ref": "#/definitions/LangStringSet"
            },
            "valueID": {
              "$ref": "#/definitions/Reference"
            },
            "modelType": {
              "type": "string",
              "const": "MultiLanguageProperty"
            }
          }
        }
      ]
    },
    "Range": {
      "allOf": [
        {
          "$ref": "#/definitions/DataElement"
        },
        {
          "type": "object",
          "properties": {
            "valueType": {
              "$ref": "#/definitions/DataTypeDef"
            },
            "min": {
              "type": "string"
            },
            "max": {
              "type": "string"
            },
            "modelType": {
              "type": "string",
              "const": "Range"
            }
          },
          "required": [
            "valueType"
          ]
        }
      ]
    },
    "ReferenceElement": {
      "allOf": [
        {
          "$ref": "#/definitions/DataElement"
        },
        {
          "type": "object",
          "properties": {
            "value": {
              "$ref": "#/definitions/Reference"
            },
            "modelType": {
              "type": "string",
              "const": "ReferenceElement"
            }
          }
        }
      ]
    },
    "Blob": {
      "allOf": [
        {
          "$ref": "#/definitions/DataElement"
        },
        {
          "type": "object",
          "properties": {
            "mimeType": {
              "type": "string"
            },
            "value": {
              "type": "string"
            },
            "modelType": {
              "type": "string",
              "const": "Blob"
            }
          },
          "required": [
            "mimeType"
          ]
        }
      ]
    },
    "File": {
      "allOf": [
        {
          "$ref": "#/definitions/DataElement"
        },
        {
          "type": "object",
          "properties": {
            "mimeType": {
              "type": "string"
            },
            "value": {
              "type": "string"
            },
            "modelType": {
              "type": "string",
              "const": "File"
            }
          },
          "required": [
            "mimeType"
          ]
        }
      ]
    },
    "AnnotatedRelationshipElement": {
      "allOf": [
        {
          "$ref": "#/definitions/RelationshipElement"
        },
        {
          "type": "object",
          "properties": {
            "annotation": {
              "type": "array",
              "items": {
                "$ref": "#/definitions/Reference"
              }
            },
            "modelType": {
              "type": "string",
              "const": "AnnotatedRelationshipElement"
            }
          }
        }
      ]
    },
    "EntityType": {
      "type": "string",
      "enum": [
        "CoManagedEntity",
        "SelfManagedEntity"
      ]
    },
    "Entity": {
      "allOf": [
        {
          "$ref": "#/definitions/SubmodelElement"
        },
        {
          "type": "object",
          "properties": {
            "entityType": {
              "$ref": "#/definitions/EntityType"
            },
            "statements": {
              "type": "array",
              "items": {
                "$ref": "#/definitions/SubmodelElement_abstract"
              }
            },
            "globalAssetID": {
              "$ref": "#/definitions/Reference"
            },
            "specificAssetIds": {
              "type": "array",
              "items": {
                "$ref": "#/definitions/IdentifierKeyValuePair"
              }
            },
            "modelType": {
              "type": "string",
              "const": "Entity"
            }
          },
          "required": [
            "entityType"
          ]
        }
      ]
    },
    "Event": {
      "allOf": [
        {
          "$ref": "#/definitions/SubmodelElement"
        }
      ]
    },
    "BasicEvent": {
      "allOf": [
        {
          "$ref": "#/definitions/Event"
        },
        {
          "type": "object",
          "properties": {
            "observed": {
              "$ref": "#/definitions/Reference"
            },
            "modelType": {
              "type": "string",
              "const": "BasicEvent"
            }
          },
          "required": [
            "observed"
          ]
        }
      ]
    },
    "Operation": {
      "allOf": [
        {
          "$ref": "#/definitions/SubmodelElement"
        },
        {
          "type": "object",
          "properties": {
            "inputVariables": {
              "type": "array",
              "items": {
                "$ref": "#/definitions/OperationVariable"
              }
            },
            "outputVariables": {
              "type": "array",
              "items": {
                "$ref": "#/definitions/OperationVariable"
              }
            },
            "inoutputVariables": {
              "type": "array",
              "items": {
                "$ref": "#/definitions/OperationVariable"
              }
            },
            "modelType": {
              "type": "string",
              "const": "Operation"
            }
          }
        }
      ]
    },
    "OperationVariable": {
      "allOf": [
        {
          "type": "object",
          "properties": {
            "value": {
              "$ref": "#/definitions/SubmodelElement_abstract"
            }
          },
          "required": [
            "value"
          ]
        }
      ]
    },
    "Capability": {
      "allOf": [
        {
          "$ref": "#/definitions/SubmodelElement"
        },
        {
          "type": "object",
          "properties": {
            "modelType": {
              "type": "string",
              "const": "Capability"
            }
          }
        }
      ]
    },
    "ConceptDescription": {
      "allOf": [
        {
          "$ref": "#/definitions/Identifiable"
        },
        {
          "$ref": "#/definitions/HasDataSpecification"
        },
        {
          "type": "object",
          "properties": {
            "isCaseOf": {
              "type": "array",
              "items": {
                "$ref": "#/definitions/Reference"
              }
            },
            "modelType": {
              "type": "string",
              "const": "ConceptDescription"
            }
          }
        }
      ]
    },
    "View": {
      "allOf": [
        {
          "$ref": "#/definitions/Referable"
        },
        {
          "$ref": "#/definitions/HasSemantics"
        },
        {
          "$ref": "#/definitions/HasDataSpecification"
        },
        {
          "type": "object",
          "properties": {
            "containedElements": {
              "type": "array",
              "items": {
                "$ref": "#/definitions/Reference"
              }
            },
            "modelType": {
              "type": "string",
              "const": "View"
            }
          }
        }
      ]
    },
    "Reference": {
      "allOf": [
        {
          "type": "object",
          "properties": {
            "keys": {
              "type": "array",
              "items": {
                "$ref": "#/definitions/Key"
              },
              "minItems": 1
            }
          },
          "required": [
            "keys"
          ]
        }
      ]
    },
    "Key": {
      "allOf": [
        {
          "type": "object",
          "properties": {
            "type": {
              "$ref": "#/definitions/KeyElements"
            },
            "value": {
              "type": "string"
            },
            "idType": {
              "$ref": "#/definitions/KeyType"
            }
          },
          "required": [
            "type",
            "value",
            "idType"
          ]
        }
      ]
    },
    "IdentifiableElements": {
      "type": "string",
      "enum": [
        "Asset",
        "AssetAdministrationShell",
        "ConceptDescription",
        "Submodel"
      ]
    },
    "ReferableElements": {
      "type": "string",
      "enum": [
        "AccessPermissionRule",
        "AnnotatedRelationshipElement",
        "Asset",
        "AssetAdministrationShell",
        "BasicEvent",
        "Blob",
        "Capability",
        "ConceptDescription",
        "ConceptDictionary",
        "DataElement",
        "Entity",
        "Event",
        "File",
        "MultiLanguageProperty",
        "Operation",
        "Property",
        "Range",
        "ReferenceElement",
        "RelationshipElement",
        "Submodel",
        "SubmodelElement",
        "SubmodelElementCollection",
        "View"
      ]
    },
    "KeyElements": {
      "type": "string",
      "enum": [
        "GlobalReference",
        "FragmentReference",
        "AccessPermissionRule",
        "AnnotatedRelationshipElement",
        "Asset",
        "AssetAdministrationShell",
        "BasicEvent",
        "Blob",
        "Capability",
        "ConceptDescription",
        "ConceptDictionary",
        "DataElement",
        "Entity",
        "Event",
        "File",
        "MultiLanguageProperty",
        "Operation",
        "Property",
        "Range",
        "ReferenceElement",
        "RelationshipElement",
        "Submodel",
        "SubmodelElement",
        "SubmodelElementCollection",
        "View"
      ]
    },
    "LocalKeyType": {
      "type": "string",
      "enum": [
        "IdShort",
        "FragmentId"
      ]
    },
    "KeyType": {
      "type": "string",
      "enum": [
        "IdShort",
        "FragmentId",
        "IRDI",
        "IRI",
        "Custom"
      ]
    },
    "DataTypeDef": {
      "type": "string",
      "enum": [
        "anyUri",
        "base64Binary",
        "boolean",
        "date",
        "dateTime",
        "dateTimeStamp",
        "decimal",
        "integer",
        "long",
        "int",
        "short",
        "byte",
        "nonNegativeInteger",
        "positiveInteger",
        "unsignedLong",
        "unsignedInt",
        "unsignedShort",
        "unsignedByte",
        "nonPositiveInteger",
        "negativeInteger",
        "double",
        "duration",
        "dayTimeDuration",
        "yearMonthDuration",
        "float",
        "gDay",
        "gMonth",
        "gMonthDay",
        "gYear",
        "gYearMonth",
        "hexBinary",
        "NOTATION",
        "QName",
        "string",
        "normalizedString",
        "token",
        "language",
        "Name",
        "NCName",
        "ENTITY",
        "ID",
        "IDREF",
        "NMTOKEN",
        "time"
      ]
    },
    "LangString": {
      "type": "object",
      "properties": {
        "language": {
          "type": "string",
          "pattern": "^(([a-zA-Z]{2,3}(-[a-zA-Z]{3}(-[a-zA-Z]{3}){2})?|[a-zA-Z]{4}|[a-zA-Z]{5,8})(-[a-zA-Z]{4})?(-([a-zA-Z]{2}|[0-9]{3}))?(-(([a-zA-Z0-9]){5,8}|[0-9]([a-zA-Z0-9]){3}))*(-[0-9A-WY-Za-wy-z](-([a-zA-Z0-9]){2,8})+)*(-[xX](-([a-zA-Z0-9]){1,8})+)?|[xX](-([a-zA-Z0-9]){1,8})+|((en-GB-oed|i-ami|i-bnn|i-default|i-enochian|i-hak|i-klingon|i-lux|i-mingo|i-navajo|i-pwn|i-tao|i-tay|i-tsu|sgn-BE-FR|sgn-BE-NL|sgn-CH-DE)|(art-lojban|cel-gaulish|no-bok|no-nyn|zh-guoyu|zh-hakka|zh-min|zh-min-nan|zh-xiang)))$"
        },
        "text": {
          "type": "string"
        }
      },
      "required": [
        "language",
        "text"
      ]
    },
    "LangStringSet": {
      "type": "object",
      "properties": {
        "langStrings": {
          "type": "array",
          "items": {
            "$ref": "#/definitions/LangString"
          }
        }
      },
      "required": [
        "langStrings"
      ]
    },
    "DataSpecificationContent": {
      "type": "object"
    },
    "DataTypeIEC61360": {
      "type": "string",
      "enum": [
        "DATE",
        "STRING",
        "STRING_TRANSLATABLE",
        "INTEGER_MEASURE",
        "INTEGER_COUNT",
        "INTEGER_CURRENCY",
        "REAL_MEASURE",
        "REAL_COUNT",
        "REAL_CURRENCY",
        "BOOLEAN",
        "URL",
        "RATIONAL",
        "RATIONAL_MEASURE",
        "TIME",
        "TIMESTAMP"
      ]
    },
    "LevelType": {
      "type": "string",
      "enum": [
        "Min",
        "Max",
        "Nom",
        "Type"
      ]
    },
    "ValueReferencePair": {
      "allOf": [
        {
          "type": "object",
          "properties": {
            "value": {
              "type": "string"
            },
            "valueID": {
              "$ref": "#/definitions/Reference"
            }
          },
          "required": [
            "value",
            "valueID"
          ]
        }
      ]
    },
    "ValueList": {
      "allOf": [
        {
          "type": "object",
          "properties": {
            "valueReferencePairTypes": {
              "type": "array",
              "items": {
                "$ref": "#/definitions/ValueReferencePair"
              }
            }
          }
        }
      ]
    },
    "DataSpecificationIEC61360": {
      "allOf": [
        {
          "$ref": "#/definitions/DataSpecificationContent"
        },
        {
          "type": "object",
          "properties": {
            "preferredName": {
              "$ref": "#/definitions/LangStringSet"
            },
            "shortName": {
              "$ref": "#/definitions/LangStringSet"
            },
            "unit": {
              "type": "string"
            },
            "unitID": {
              "$ref": "#/definitions/Reference"
            },
            "sourceOfDefinition": {
              "type": "string"
            },
            "symbol": {
              "type": "string"
            },
            "dataType": {
              "$ref": "#/definitions/DataTypeIEC61360"
            },
            "definition": {
              "$ref": "#/definitions/LangStringSet"
            },
            "valueFormat": {
              "type": "string"
            },
            "valueList": {
              "$ref": "#/definitions/ValueList"
            },
            "value": {
              "type": "string"
            },
            "valueID": {
              "$ref": "#/definitions/Reference"
            },
            "levelType": {
              "$ref": "#/definitions/LevelType"
            }
          }
        }
      ]
    },
    "DataSpecificationPhysicalUnit": {
      "allOf": [
        {
          "$ref": "#/definitions/DataSpecificationContent"
        },
        {
          "type": "object",
          "properties": {
            "unitName": {
              "type": "string"
            },
            "unitSymbol": {
              "type": "string"
            },
            "definition": {
              "$ref": "#/definitions/LangStringSet"
            },
            "siNotation": {
              "type": "string"
            },
            "dinNotation": {
              "type": "string"
            },
            "eceName": {
              "type": "string"
            },
            "eceCode": {
              "type": "string"
            },
            "nistName": {
              "type": "string"
            },
            "sourceOfDefinition": {
              "type": "string"
            },
            "conversionFactor": {
              "type": "string"
            },
            "registrationAuthorityID": {
              "type": "string"
            },
            "supplier": {
              "type": "string"
            }
          }
        }
      ]
    },
    "Certificate": {
      "allOf": [
        {
          "type": "object",
          "properties": {
            "policyAdministrationPoint": {
              "$ref": "#/definitions/PolicyAdministrationPoint"
            }
          },
          "required": [
            "policyAdministrationPoint"
          ]
        }
      ]
    },
    "Certificate_abstract": {
      "anyOf": [
        {
          "$ref": "#/definitions/BlobCertificate"
        }
      ]
    },
    "BlobCertificate": {
      "allOf": [
        {
          "$ref": "#/definitions/Certificate"
        },
        {
          "type": "object",
          "properties": {
            "blobCertificate": {
              "$ref": "#/definitions/Blob"
            },
            "lastCertificate": {
              "type": "boolean"
            },
            "containedExtension": {
              "type": "array",
              "items": {
                "$ref": "#/definitions/Reference"
              }
            },
            "modelType": {
              "type": "string",
              "const": "BlobCertificate"
            }
          },
          "required": [
            "blobCertificate",
            "lastCertificate"
          ]
        }
      ]
    },
    "ObjectAttributes": {
      "allOf": [
        {
          "type": "object",
          "properties": {
            "objectAttributes": {
              "type": "array",
              "items": {
                "$ref": "#/definitions/Reference"
              },
              "minItems": 1
            }
          },
          "required": [
            "objectAttributes"
          ]
        }
      ]
    },
    "Permission": {
      "allOf": [
        {
          "type": "object",
          "properties": {
            "permission": {
              "$ref": "#/definitions/Reference"
            },
            "kindOfPermission": {
              "$ref": "#/definitions/PermissionKind"
            }
          },
          "required": [
            "permission",
            "kindOfPermission"
          ]
        }
      ]
    },
    "SubjectAttributes": {
      "allOf": [
        {
          "type": "object",
          "properties": {
            "subjectAttributes": {
              "type": "array",
              "items": {
                "$ref": "#/definitions/DataElement_abstract"
              }
            }
          },
          "required": [
            "subjectAttributes"
          ]
        }
      ]
    },
    "PermissionsPerObject": {
      "allOf": [
        {
          "type": "object",
          "properties": {
            "object": {
              "$ref": "#/definitions/Reference"
            },
            "targetObjectAttributes": {
              "$ref": "#/definitions/ObjectAttributes"
            },
            "permissions": {
              "type": "array",
              "items": {
                "$ref": "#/definitions/Permission"
              }
            }
          },
          "required": [
            "object"
          ]
        }
      ]
    },
    "AccessPermissionRule": {
      "allOf": [
        {
          "$ref": "#/definitions/Referable"
        },
        {
          "$ref": "#/definitions/Qualifiable"
        },
        {
          "type": "object",
          "properties": {
            "targetSubjectAttributes": {
              "$ref": "#/definitions/SubjectAttributes"
            },
            "permissionsPerObject": {
              "type": "array",
              "items": {
                "$ref": "#/definitions/PermissionsPerObject"
              }
            },
            "modelType": {
              "type": "string",
              "const": "AccessPermissionRule"
            }
          },
          "required": [
            "targetSubjectAttributes"
          ]
        }
      ]
    },
    "AccessControl": {
      "allOf": [
        {
          "type": "object",
          "properties": {
            "accessPermissionRules": {
              "type": "array",
              "items": {
                "$ref": "#/definitions/AccessPermissionRule"
              }
            },
            "selectableSubjectAttributes": {
              "$ref": "#/definitions/Reference"
            },
            "defaultSubjectAttributes": {
              "$ref": "#/definitions/Reference"
            },
            "selectablePermissions": {
              "$ref": "#/definitions/Reference"
            },
            "defaultPermissions": {
              "$ref": "#/definitions/Reference"
            },
            "selectableEnvironmentAttributes": {
              "$ref": "#/definitions/Reference"
            },
            "defaultEnvironmentAttributes": {
              "$ref": "#/definitions/Reference"
            }
          },
          "required": [
            "defaultSubjectAttributes",
            "selectablePermissions",
            "defaultPermissions"
          ]
        }
      ]
    },
    "PolicyAdministrationPoint": {
      "allOf": [
        {
          "type": "object",
          "properties": {
            "externalAccessControl": {
              "type": "boolean"
            },
            "localAccessControl": {
              "$ref": "#/definitions/AccessControl"
            }
          },
          "required": [
            "externalAccessControl"
          ]
        }
      ]
    },
    "PolicyInformationPoints": {
      "allOf": [
        {
          "type": "object",
          "properties": {
            "externalInformationPoints": {
              "type": "boolean"
            },
            "internalInformationPoints": {
              "type": "array",
              "items": {
                "$ref": "#/definitions/Reference"
              }
            }
          },
          "required": [
            "externalInformationPoints"
          ]
        }
      ]
    },
    "PolicyEnforcementPoints": {
      "allOf": [
        {
          "type": "object",
          "properties": {
            "externalPolicyEnforcementPoint": {
              "type": "boolean"
            }
          },
          "required": [
            "externalPolicyEnforcementPoint"
          ]
        }
      ]
    },
    "PolicyDecisionPoint": {
      "allOf": [
        {
          "type": "object",
          "properties": {
            "externalPolicyDecisionPoints": {
              "type": "boolean"
            }
          },
          "required": [
            "externalPolicyDecisionPoints"
          ]
        }
      ]
    },
    "AccessControlPolicyPoints": {
      "allOf": [
        {
          "type": "object",
          "properties": {
            "policyAdministrationPoint": {
              "$ref": "#/definitions/PolicyAdministrationPoint"
            },
            "policyDecisionPoint": {
              "$ref": "#/definitions/PolicyDecisionPoint"
            },
            "policyEnforcementPoint": {
              "$ref": "#/definitions/PolicyEnforcementPoints"
            },
            "policyInformationPoints": {
              "$ref": "#/definitions/PolicyInformationPoints"
            }
          },
          "required": [
            "policyAdministrationPoint",
            "policyDecisionPoint",
            "policyEnforcementPoint"
          ]
        }
      ]
    },
    "Security": {
      "allOf": [
        {
          "type": "object",
          "properties": {
            "accessControlPolicyPoints": {
              "$ref": "#/definitions/AccessControlPolicyPoints"
            },
            "certificates": {
              "type": "array",
              "items": {
                "$ref": "#/definitions/Certificate_abstract"
              }
            },
            "requiredCertificatesExtension": {
              "type": "array",
              "items": {
                "$ref": "#/definitions/Reference"
              }
            }
          },
          "required": [
            "accessControlPolicyPoints"
          ]
        }
      ]
    },
    "PermissionKind": {
      "type": "string",
      "enum": [
        "Allow",
        "Deny",
        "NotApplicable",
        "Undefined"
      ]
    },
    "Environment": {
      "allOf": [
        {
          "type": "object",
          "properties": {
            "assetAdministrationShells": {
              "type": "array",
              "items": {
                "$ref": "#/definitions/AssetAdministrationShell"
              }
            },
            "assets": {
              "type": "array",
              "items": {
                "$ref": "#/definitions/Asset"
              }
            },
            "submodels": {
              "type": "array",
              "items": {
                "$ref": "#/definitions/Submodel"
              }
            },
            "conceptDescriptions": {
              "type": "array",
              "items": {
                "$ref": "#/definitions/ConceptDescription"
              }
            }
          },
          "required": [
            "assetAdministrationShells",
            "assets",
            "submodels",
            "conceptDescriptions"
          ]
        }
      ]
    }
  }
}