UnverifiedSymbolTable(
  symbols=[
    ConcreteEntity(
      name='Something',
      is_implementation_specific=False,
      inheritances=[],
      properties=[],
      property_map=...,
      methods=[],
      method_map=...,
      description=None,
      node=...)])