{
  "submodels": [
    {
      "modelType": "Submodel",
      "id": "an-identifier-1",
      "idShort": "someIdShort",
      "submodelElements": [
        {
          "modelType": "Property",
          "idShort": "someElement",
          "valueType": "xs:boolean"
        },
        {
          "modelType": "Property",
          "idShort": "anotherElement",
          "valueType": "xs:integer"
        }
      ]
    }
  ]
}
