SymbolTable(
  symbols=[
    AbstractClass(
      name='Abstract',
      inheritances=[],
      inheritance_id_set=...,
      is_implementation_specific=False,
      interface=Interface(
        base='Reference to AbstractClass Abstract',
        name='Abstract',
        inheritances=[],
        implementers=[],
        properties=[
          Property(
            name='x',
            type_annotation=PrimitiveTypeAnnotation(
              a_type='INT',
              parsed=...),
            description=None,
            specified_for='Reference to AbstractClass Abstract',
            parsed=...)],
        signatures=[],
        description=None,
        parsed=...,
        properties_by_name=...,
        property_id_set=...),
      descendant_id_set=...,
      concrete_descendants=[],
      properties=[
        Property(
          name='x',
          type_annotation=PrimitiveTypeAnnotation(
            a_type='INT',
            parsed=...),
          description=None,
          specified_for='Reference to AbstractClass Abstract',
          parsed=...)],
      methods=[],
      constructor=Constructor(
        name='__init__',
        arguments=[
          Argument(
            name='x',
            type_annotation=PrimitiveTypeAnnotation(
              a_type='INT',
              parsed=...),
            default=None,
            parsed=...)],
        returns=None,
        description=None,
        contracts=Contracts(
          preconditions=[],
          snapshots=[],
          postconditions=[]),
        parsed=...,
        arguments_by_name=...,
        is_implementation_specific=False,
        statements=[
          "AssignArgument(\n  name='x',\n  argument='x',\n  default=None)"]),
      invariants=[],
      serialization=Serialization(
        with_model_type=False),
      description=None,
      parsed=...,
      properties_by_name=...,
      property_id_set=...,
      methods_by_name=...,
      invariant_id_set=...)],
  verification_functions=[],
  verification_functions_by_name=...,
  meta_model=MetaModel(
    description=None,
    book_url='__book_url__',
    book_version='__book_version__'))