Regex(
  union=UnionExpr(
    uniates=[
      Concatenation(
        concatenants=[
          Term(
            value=Char(
              character=' ',
              explicitly_encoded=False),
            quantifier=None)])]))