Regex(
  union=UnionExpr(
    uniates=[
      Concatenation(
        concatenants=[
          Term(
            value=CharSet(
              complementing=False,
              ranges=[
                Range(
                  start=Char(
                    character='a',
                    explicitly_encoded=False),
                  end=Char(
                    character='z',
                    explicitly_encoded=False))]),
            quantifier=Quantifier(
              non_greedy=False,
              minimum=0,
              maximum=None))])]))