UnverifiedSymbolTable(
  our_types=[],
  constants=[
    ConstantSet(
      name='Something',
      items_type_annotation=AtomicTypeAnnotation(
        identifier='str',
        node=...),
      set_literals=[
        SetLiteral(
          node=...),
        SetLiteral(
          node=...)],
      subsets=[],
      reference_in_the_book=None,
      description=None,
      node=...),
    ConstantSet(
      name='Something_extended',
      items_type_annotation=AtomicTypeAnnotation(
        identifier='str',
        node=...),
      set_literals=[
        SetLiteral(
          node=...),
        SetLiteral(
          node=...),
        SetLiteral(
          node=...)],
      subsets=[
        'Something'],
      reference_in_the_book=None,
      description=None,
      node=...)],
  verification_functions=[],
  meta_model=MetaModel(
    description=None,
    book_url='dummy',
    book_version='dummy',
    xml_namespace='https://dummy.com'))