UnverifiedSymbolTable(
  our_types=[
    ConcreteClass(
      name='Concrete',
      is_implementation_specific=False,
      inheritances=[],
      properties=[],
      methods=[],
      invariants=[],
      serialization=None,
      reference_in_the_book=None,
      description=None,
      node=...,
      properties_by_name=...,
      methods_by_name=...),
    ConcreteClass(
      name='Another_concrete',
      is_implementation_specific=False,
      inheritances=[
        'Concrete'],
      properties=[],
      methods=[],
      invariants=[],
      serialization=None,
      reference_in_the_book=None,
      description=None,
      node=...,
      properties_by_name=...,
      methods_by_name=...)],
  verification_functions=[],
  meta_model=MetaModel(
    description=None,
    book_url='dummy',
    book_version='dummy'))