UnverifiedSymbolTable(
  symbols=[
    AbstractClass(
      name='Parent',
      is_implementation_specific=False,
      inheritances=[],
      properties=[],
      methods=[],
      invariants=[],
      serialization=None,
      description=None,
      node=...,
      properties_by_name=...,
      methods_by_name=...),
    ConcreteClass(
      name='Something',
      is_implementation_specific=False,
      inheritances=[
        'Parent'],
      properties=[],
      methods=[],
      invariants=[],
      serialization=None,
      description=None,
      node=...,
      properties_by_name=...,
      methods_by_name=...),
    ConcreteClass(
      name='Reference',
      is_implementation_specific=False,
      inheritances=[],
      properties=[],
      methods=[],
      invariants=[],
      serialization=None,
      description=None,
      node=...,
      properties_by_name=...,
      methods_by_name=...)],
  ref_association='Reference to ConcreteClass Reference',
  verification_functions=[],
  meta_model=MetaModel(
    description=None,
    book_url='__book_url__',
    book_version='__book_version__'))