UnverifiedSymbolTable(
  symbols=[
    ConcreteEntity(
      name='Something',
      is_implementation_specific=False,
      inheritances=[],
      properties=[
        Property(
          name='some_property',
          type_annotation=AtomicTypeAnnotation(
            identifier='int'),
          description='some property',
          is_readonly=False,
          node=...),
        Property(
          name='another_property',
          type_annotation=AtomicTypeAnnotation(
            identifier='str'),
          description=None,
          is_readonly=False,
          node=...),
        Property(
          name='yet_another_property',
          type_annotation=AtomicTypeAnnotation(
            identifier='str'),
          description='yet another property',
          is_readonly=False,
          node=...)],
      property_map=...,
      methods=[],
      method_map=...,
      description='Represent something.',
      node=...)])