# ^ab$
{
  char 'a'
  char 'b'
  # $
  end
  match
}