{
  "conceptDescriptions": [
    {
      "modelType": "ConceptDescription",
      "id": "an-identifier-1",
      "idShort": "someIdShort"
    }
  ]
}
