UnverifiedSymbolTable(
  symbols=[
    AbstractEntity(
      name='Something',
      is_implementation_specific=True,
      inheritances=[],
      properties=[],
      property_map=...,
      methods=[],
      method_map=...,
      description=None,
      node=...)])