# ^a{0}$
{
  # a{0}
  {
    # Nothing
  }
  # $
  end
  match
}