UnverifiedSymbolTable(
  our_types=[
    ConcreteClass(
      name='Something',
      is_implementation_specific=False,
      inheritances=[],
      properties=[
        Property(
          name='some_property',
          type_annotation=AtomicTypeAnnotation(
            identifier='int',
            node=...),
          description=Description(
            document=...,
            node=...),
          node=...),
        Property(
          name='another_property',
          type_annotation=AtomicTypeAnnotation(
            identifier='str',
            node=...),
          description=None,
          node=...),
        Property(
          name='yet_another_property',
          type_annotation=AtomicTypeAnnotation(
            identifier='str',
            node=...),
          description=Description(
            document=...,
            node=...),
          node=...)],
      methods=[],
      invariants=[],
      serialization=None,
      reference_in_the_book=None,
      description=Description(
        document=...,
        node=...),
      node=...,
      properties_by_name=...,
      methods_by_name=...)],
  constants=[],
  verification_functions=[],
  meta_model=MetaModel(
    description=None,
    book_url='dummy',
    book_version='dummy'))