UnverifiedSymbolTable(
  symbols=[
    AbstractEntity(
      name='Abstract',
      is_implementation_specific=True,
      inheritances=[],
      properties=[],
      property_map=...,
      methods=[],
      method_map=...,
      description=None,
      node=...),
    ConcreteEntity(
      name='Something',
      is_implementation_specific=False,
      inheritances=[
        'Abstract'],
      properties=[],
      property_map=...,
      methods=[
        Method(
          name='do_something',
          is_implementation_specific=False,
          arguments=[
            Argument(
              name='self',
              type_annotation=SelfTypeAnnotation(),
              default=None,
              node=...)],
          argument_map=...,
          returns=None,
          description=None,
          contracts=Contracts(
            preconditions=[],
            snapshots=[],
            postconditions=[]),
          body=...,
          node=...)],
      method_map=...,
      description=None,
      node=...)])