# ^[\U0001f600-\U0001f603]$
{
  set 'ğŸ˜€-ğŸ˜ƒ'
  # $
  end
  match
}